C51 COMPILER V9.01   ZHUANQUANDENG                                                         01/14/2023 14:40:28 PAGE 1   


C51 COMPILER V9.01, COMPILATION OF MODULE ZHUANQUANDENG
OBJECT MODULE PLACED IN zhuanquandeng.OBJ
COMPILER INVOKED BY: C:\Keil\C51\BIN\C51.EXE zhuanquandeng.c BROWSE DEBUG OBJECTEXTEND

line level    source

   1          #include <STC15F2K60S2.H>
   2          #include "intrins.h"
   3          #define U8   unsigned char
   4          #define U16  unsigned int
   5          sbit DS=P3^4;
   6          sbit SH=P3^3;
   7          sbit ST=P3^2;
   8          #define U8   unsigned char
   9          #define U16  unsigned int
  10          U16 JS,n;
  11          U8 code Dat[432]={
  12          
  13          0xFF,0xFF,0xFF,0xFF,0xFF,0xFF,
  14          0xFF,0xFF,0xFF,0xFF,0xFF,0xFF,
  15          0xFC,0x00,0x1F,0xFF,0xFF,0xFF,
  16          0xFD,0xFE,0xFF,0xFF,0xFF,0xFF,
  17          0xFD,0xFE,0xFF,0xFF,0xFF,0xFF,
  18          0xFC,0x00,0x3F,0xFF,0xFF,0xFF,
  19          0xFC,0x00,0x7F,0xFF,0xFF,0xFF,
  20          0xFE,0xFD,0xFF,0xFF,0xFF,0xFF,
  21          0xFE,0xFD,0xFB,0xFF,0xFF,0xFF,
  22          0xFE,0xFB,0xF9,0xFF,0xFF,0xFF,
  23          0xC0,0x00,0x03,0xFF,0xFF,0xFF,
  24          0xFE,0xF7,0xFF,0xFF,0xFF,0xFF,
  25          0xFE,0xF7,0xFB,0xFF,0xFF,0xFF,
  26          0xFE,0xEF,0xFB,0xFF,0xFF,0xFF,
  27          0xFE,0xEF,0xFB,0xFF,0xFF,0xFF,
  28          0xFE,0xF0,0xFB,0xFF,0xFF,0xFF,
  29          0xEE,0xFE,0x3B,0xFF,0xFF,0xFF,
  30          0xF0,0xFF,0xFB,0xFF,0xFF,0xFF,
  31          0xFA,0xFF,0x03,0xFF,0xFF,0xFF,
  32          0xFE,0xC0,0xFB,0xFF,0xFF,0xFF,
  33          0xFC,0xCF,0xFB,0xFF,0xFF,0xFF,
  34          0xFE,0xFF,0xFB,0xFF,0xFF,0xFF,
  35          0xFF,0xFF,0xFF,0xFF,0xFF,0xFF,
  36          0xFF,0xFF,0xFF,0xFF,0xFF,0xFF,
  37          
  38          0xFF,0xFF,0xFF,0xFF,0xFF,0xFF,
  39          0xFF,0xFF,0xFF,0xFF,0xFF,0xFF,
  40          0xFC,0x00,0x1F,0xFF,0xFF,0xFF,
  41          0xFD,0xFE,0xFF,0xFF,0xFF,0xFF,
  42          0xFD,0xFE,0xFF,0xFF,0xFF,0xFF,
  43          0xFC,0x00,0x3F,0xFF,0xFF,0xFF,
  44          0xFC,0x00,0x7F,0xFF,0xFF,0xFF,
  45          0xFE,0xFD,0xFF,0xFF,0xFF,0xFF,
  46          0xFE,0xFD,0xFB,0xFF,0xFF,0xFF,
  47          0xFE,0xFB,0xF9,0xFF,0xFF,0xFF,
  48          0xC0,0x00,0x03,0xFF,0xFF,0xFF,
  49          0xFE,0xF7,0xFF,0xFF,0xFF,0xFF,
  50          0xFE,0xF7,0xFB,0xFF,0xFF,0xFF,
  51          0xFE,0xEF,0xFB,0xFF,0xFF,0xFF,
  52          0xFE,0xEF,0xFB,0xFF,0xFF,0xFF,
  53          0xFE,0xF0,0xFB,0xFF,0xFF,0xFF,
  54          0xEE,0xFE,0x3B,0xFF,0xFF,0xFF,
  55          0xF0,0xFF,0xFB,0xFF,0xFF,0xFF,
C51 COMPILER V9.01   ZHUANQUANDENG                                                         01/14/2023 14:40:28 PAGE 2   

  56          0xFA,0xFF,0x03,0xFF,0xFF,0xFF,
  57          0xFE,0xC0,0xFB,0xFF,0xFF,0xFF,
  58          0xFC,0xCF,0xFB,0xFF,0xFF,0xFF,
  59          0xFE,0xFF,0xFB,0xFF,0xFF,0xFF,
  60          0xFF,0xFF,0xFF,0xFF,0xFF,0xFF,
  61          0xFF,0xFF,0xFF,0xFF,0xFF,0xFF,
  62          
  63          0xFF,0xFF,0xFF,0xFF,0xFF,0xFF,
  64          0xFF,0xFF,0xFF,0xFF,0xFF,0xFF,
  65          0xFC,0x00,0x1F,0xFF,0xFF,0xFF,
  66          0xFD,0xFE,0xFF,0xFF,0xFF,0xFF,
  67          0xFD,0xFE,0xFF,0xFF,0xFF,0xFF,
  68          0xFC,0x00,0x3F,0xFF,0xFF,0xFF,
  69          0xFC,0x00,0x7F,0xFF,0xFF,0xFF,
  70          0xFE,0xFD,0xFF,0xFF,0xFF,0xFF,
  71          0xFE,0xFD,0xFB,0xFF,0xFF,0xFF,
  72          0xFE,0xFB,0xF9,0xFF,0xFF,0xFF,
  73          0xC0,0x00,0x03,0xFF,0xFF,0xFF,
  74          0xFE,0xF7,0xFF,0xFF,0xFF,0xFF,
  75          0xFE,0xF7,0xFB,0xFF,0xFF,0xFF,
  76          0xFE,0xEF,0xFB,0xFF,0xFF,0xFF,
  77          0xFE,0xEF,0xFB,0xFF,0xFF,0xFF,
  78          0xFE,0xF0,0xFB,0xFF,0xFF,0xFF,
  79          0xEE,0xFE,0x3B,0xFF,0xFF,0xFF,
  80          0xF0,0xFF,0xFB,0xFF,0xFF,0xFF,
  81          0xFA,0xFF,0x03,0xFF,0xFF,0xFF,
  82          0xFE,0xC0,0xFB,0xFF,0xFF,0xFF,
  83          0xFC,0xCF,0xFB,0xFF,0xFF,0xFF,
  84          0xFE,0xFF,0xFB,0xFF,0xFF,0xFF,
  85          0xFF,0xFF,0xFF,0xFF,0xFF,0xFF,
  86          0xFF,0xFF,0xFF,0xFF,0xFF,0xFF,
  87          
  88          };
  89          
  90          
  91                                                                                                                                                                                                                                                                                                  
  92          
  93          
  94          void send(U8 DA)
  95          {
  96   1       for(n=0;n<8;n++)
  97   1       {
  98   2        DS=DA&0X80;
  99   2        
 100   2      
 101   2        
 102   2      
 103   2        SH=0;SH=1;
 104   2        DA<<=1;
 105   2       }
 106   1      }
 107          
 108          
 109                          
 110          void Timer0Init(void)           //500微秒@24.000MHz
 111          {       EA=1;
 112   1              ET0=1;                                                                                  
 113   1              AUXR |= 0x80;           //定时器时钟1T模式
 114   1              TMOD &= 0xF0;           //设置定时器模式
 115   1              TL0 = 0x20;             //设置定时初值
 116   1              TH0 = 0xD1;             //设置定时初值
 117   1              TF0 = 0;                //清除TF0标志
C51 COMPILER V9.01   ZHUANQUANDENG                                                         01/14/2023 14:40:28 PAGE 3   

 118   1              TR0 = 1;                //定时器0开始计时
 119   1      }
 120          
 121          
 122          void main()
 123          {JS=0;
 124   1      Timer0Init();
 125   1      while(1);
 126   1      
 127   1      }
 128          void zhongduan()interrupt       1 
 129          {TL0 = 0x20;
 130   1       TH0 = 0xD1;
 131   1      send(Dat[JS]);send(Dat[JS+1]);send(Dat[JS+2]);send(Dat[JS+3]);send(Dat[JS+4]);send(Dat[JS+5]);
 132   1      ST=0;ST=1;
 133   1      JS=JS+6;
 134   1      if(JS>431)
 135   1      {JS=0;}
 136   1      }
 137          
 138            


MODULE INFORMATION:   STATIC OVERLAYABLE
   CODE SIZE        =    198    ----
   CONSTANT SIZE    =    432    ----
   XDATA SIZE       =   ----    ----
   PDATA SIZE       =   ----    ----
   DATA SIZE        =      4    ----
   IDATA SIZE       =   ----    ----
   BIT SIZE         =   ----    ----
END OF MODULE INFORMATION.


C51 COMPILATION COMPLETE.  0 WARNING(S),  0 ERROR(S)
