C51 COMPILER V9.01   DENG                                                                  12/11/2021 13:10:19 PAGE 1   


C51 COMPILER V9.01, COMPILATION OF MODULE DENG
OBJECT MODULE PLACED IN deng.OBJ
COMPILER INVOKED BY: C:\Keil\C51\BIN\C51.EXE deng.c BROWSE DEBUG OBJECTEXTEND

line level    source

   1          #include "STC8.h"
   2          #include "intrins.h"
   3          #define U8 unsigned char 
   4          sbit DAT= P5^4;
   5          U8 i ;
   6          U8 ii ;
   7          
   8          void low()              //@30.000MHz             0.37US
   9          {
  10   1      U8 a,n;
  11   1      DAT=1;
  12   1      for(a=1;a>0;a--);
  13   1      for(n=2;n>0;n--);
  14   1      DAT=0;
  15   1      }
  16          
  17          void hi()               //@30.000MHz              0.81US
  18          {
  19   1      U8 i;
  20   1      DAT=1;
  21   1      i = 8;
  22   1      while (--i);
  23   1      DAT=0;
  24   1      }
  25          
  26          void spus()   //30M              delay300us
  27          {
  28   1              U8 a,b;
  29   1              DAT=0;
  30   1              for(b=100;b>0;b--)
  31   1              for(a=31;a>0;a--);
  32   1          
  33   1      }
  34          
  35          void send(U8 G,R,B )
  36          {
  37   1         for(i=0;i<8;i++)
  38   1         {if(G&0x80)
  39   2              {hi();}
  40   2              else
  41   2              {low();}
  42   2          G=G<<1;
  43   2         }        
  44   1          for(i=0;i<8;i++)
  45   1          {if(R&0x80)
  46   2               {hi();}
  47   2               else
  48   2               {low();}
  49   2           R=R<<1;
  50   2          }                           
  51   1              for(i=0;i<8;i++)
  52   1          {if(B&0x80)
  53   2               {hi();}
  54   2               else
  55   2               {low();}
C51 COMPILER V9.01   DENG                                                                  12/11/2021 13:10:19 PAGE 2   

  56   2           B=B<<1;
  57   2          }       
  58   1                          
  59   1      }
  60          void Delay100ms()               //@30.000MHz
  61          {
  62   1              unsigned char i, j, k;
  63   1      
  64   1              _nop_();
  65   1              _nop_();
  66   1              i = 12;
  67   1              j = 103;
  68   1              k = 57;
  69   1              do
  70   1              {
  71   2                      do
  72   2                      {
  73   3                              while (--k);
  74   3                      } while (--j);
  75   2              } while (--i);
  76   1      }
  77          
  78          //                        
  79          //void liushui( )
  80          //{unsigned char ii,iii;
  81          //while(1)
  82          //{ for(ii=0;ii<13;ii++)
  83          // {for(iii=0;iii<ii;iii++)
  84          //  {send(0,0,0);}                                                                
  85          //  send(0,30,20);
  86          //  spus();
  87          //  delay200ms();
  88          // }
  89          //   
  90          //}
  91          //}
  92          //
  93          //void quancai() 
  94          //{unsigned char m,n,v,x,z,l,k,j,h,g,f,d,s;
  95          //for(m=0;m<13;m++)
  96          // {send(20,20,0);
  97          // }
  98          //  spus();
  99          //  delay200ms();
 100          //  for(n=0;n<13;n++)
 101          // {send(20,0,20);
 102          // }
 103          //  spus();
 104          //  delay200ms();
 105          //  for(v=0;v<13;v++)
 106          // {send(0,20,20);
 107          // }
 108          //  spus();
 109          //  delay200ms();
 110          //  for(x=0;x<11;x++)
 111          // {send(50,0,20);
 112          // }
 113          //  spus();
 114          //  delay200ms();
 115          //   for(z=0;z<11;z++)
 116          // {send(20,5,0);
 117          // }
C51 COMPILER V9.01   DENG                                                                  12/11/2021 13:10:19 PAGE 3   

 118          //  spus();
 119          //  delay200ms();
 120          //   for(l=0;l<13;l++)
 121          // {send(0,20,5);
 122          // }
 123          //  spus();
 124          //  delay200ms();
 125          //   for(k=0;k<13;k++)
 126          // {send(20,0,0);
 127          // }
 128          //  spus();
 129          //  delay200ms();
 130          //   for(j=0;j<13;j++)
 131          // {send(0,20,0);
 132          // }
 133          //  spus();                
 134          //  delay200ms();
 135          //   for(h=0;h<13;h++)
 136          // {send(0,0,20);
 137          // }
 138          //  spus();
 139          //  delay200ms();
 140          //   for(g=0;g<13;g++)
 141          // {send(5,20,5);
 142          // }
 143          //  spus();
 144          //  delay200ms();
 145          //   for(f=0;f<13;f++)
 146          // {send(5,5,20);
 147          // }
 148          //  spus();
 149          //  delay200ms();
 150          //   for(d=0;d<13;d++)
 151          // {send(20,5,5);
 152          // }
 153          //  spus();
 154          //  delay200ms();
 155          //   for(s=0;s<13;s++)
 156          // {send(20,20,20);
 157          // }
 158          //  spus();
 159          //  delay200ms();
 160          //}              
 161           
 162          //void pengzhuang( )
 163          //{send(20,0,20);
 164          //send(0,0,0);
 165          //send(0,0,0);
 166          //send(0,0,0);
 167          //send(20,0,20);
 168          //spus();
 169          //delay200ms();
 170          //send(0,0,0);
 171          //send(20,0,20);
 172          //send(0,0,0);
 173          //send(20,0,20);
 174          //send(0,0,0);
 175          //spus();
 176          //delay200ms();
 177          //send(0,0,0);
 178          //send(0,0,0);
 179          //send(20,0,20);
C51 COMPILER V9.01   DENG                                                                  12/11/2021 13:10:19 PAGE 4   

 180          //send(0,0,0);
 181          //send(0,0,0);
 182          //spus();
 183          //delay200ms();
 184          //
 185          //send(0,20,20);
 186          //send(0,0,0);
 187          //send(0,0,0);
 188          //send(0,0,0);
 189          //send(0,20,20);
 190          //spus();
 191          //delay200ms();
 192          //send(0,0,0);
 193          //send(0,20,20);
 194          //send(0,0,0);
 195          //send(0,20,20);
 196          //send(0,0,0);
 197          //spus();
 198          //delay200ms();
 199          //send(0,0,0);
 200          //send(0,0,0);
 201          //send(0,20,20);
 202          //send(0,0,0);
 203          //send(0,0,0);
 204          //spus();
 205          //delay200ms();
 206          //
 207          //send(20,20,0);
 208          //send(0,0,0);
 209          //send(0,0,0);
 210          //send(0,0,0);
 211          //send(20,20,0);
 212          //spus();
 213          //delay200ms();
 214          //send(0,0,0);
 215          //send(20,20,0);
 216          //send(0,0,0);
 217          //send(20,20,0);
 218          //send(0,0,0);
 219          //spus();
 220          //delay200ms();
 221          //send(0,0,0);
 222          //send(0,0,0);
 223          //send(20,20,0);
 224          //send(0,0,0);
 225          //send(0,0,0);
 226          //spus();
 227          //delay200ms();
 228          //
 229          //send(0,0,20);
 230          //send(0,0,0);
 231          //send(0,0,0);
 232          //send(0,0,0);
 233          //send(0,0,20);
 234          //spus();
 235          //delay200ms();
 236          //send(0,0,0);
 237          //send(0,0,20);
 238          //send(0,0,0);
 239          //send(0,0,20);
 240          //send(0,0,0);
 241          //spus();
C51 COMPILER V9.01   DENG                                                                  12/11/2021 13:10:19 PAGE 5   

 242          //delay200ms();
 243          //send(0,0,0);
 244          //send(0,0,0);
 245          //send(0,0,20);
 246          //send(0,0,0);
 247          //send(0,0,0);
 248          //spus();
 249          //delay200ms();
 250          //
 251          //send(20,0,0);
 252          //send(0,0,0);
 253          //send(0,0,0);
 254          //send(0,0,0);
 255          //send(20,0,0);
 256          //spus();
 257          //delay200ms();
 258          //send(0,0,0);
 259          //send(20,0,0);
 260          //send(0,0,0);
 261          //send(20,0,0);
 262          //send(0,0,0);
 263          //spus();
 264          //delay200ms();
 265          //send(0,0,0);
 266          //send(0,0,0);
 267          //send(20,0,0);
 268          //send(0,0,0);
 269          //send(0,0,0);
 270          //spus();
 271          //delay200ms();
 272          //
 273          //send(0,20,0);
 274          //send(0,0,0);
 275          //send(0,0,0);
 276          //send(0,0,0);
 277          //send(0,20,0);
 278          //spus();
 279          //delay200ms();
 280          //send(0,0,0);
 281          //send(0,20,0);
 282          //send(0,0,0);
 283          //send(0,20,0);
 284          //send(0,0,0);
 285          //spus();
 286          //delay200ms();
 287          //send(0,0,0);
 288          //send(0,0,0);
 289          //send(0,20,0);
 290          //send(0,0,0);
 291          //send(0,0,0);
 292          //spus();
 293          //delay200ms();
 294          //
 295          //send(20,20,20);
 296          //send(0,0,0);
 297          //send(0,0,0);
 298          //send(0,0,0);
 299          //send(20,20,20);
 300          //spus();
 301          //delay200ms();
 302          //send(0,0,0);
 303          //send(20,20,20);
C51 COMPILER V9.01   DENG                                                                  12/11/2021 13:10:19 PAGE 6   

 304          //send(0,0,0);
 305          //send(20,20,20);
 306          //send(0,0,0);
 307          //spus();
 308          //delay200ms();
 309          //send(0,0,0);
 310          //send(0,0,0);
 311          //send(20,20,20);
 312          //send(0,0,0);
 313          //send(0,0,0);
 314          //spus();
 315          //delay200ms();
 316          //
 317          //send(20,10,20);
 318          //send(0,0,0);
 319          //send(0,0,0);
 320          //send(0,0,0);
 321          //send(20,10,20);
 322          //spus();
 323          //delay200ms();
 324          //send(0,0,0);
 325          //send(20,10,20);
 326          //send(0,0,0);
 327          //send(20,10,20);
 328          //send(0,0,0);
 329          //spus();
 330          //delay200ms();
 331          //send(0,0,0);
 332          //send(0,0,0);
 333          //send(20,10,20);
 334          //send(0,0,0);
 335          //send(0,0,0);
 336          //spus();
 337          //delay200ms();
 338          //
 339          //send(20,20,10);
 340          //send(0,0,0);
 341          //send(0,0,0);
 342          //send(0,0,0);
 343          //send(20,20,10);
 344          //spus();
 345          //delay200ms();
 346          //send(0,0,0);
 347          //send(20,20,10);
 348          //send(0,0,0);
 349          //send(20,20,10);
 350          //send(0,0,0);
 351          //spus();
 352          //delay200ms();
 353          //send(0,0,0);
 354          //send(0,0,0);
 355          //send(20,20,10);
 356          //send(0,0,0);
 357          //send(0,0,0);
 358          //spus();
 359          //delay200ms();
 360          //
 361          //send(10,20,20);
 362          //send(0,0,0);
 363          //send(0,0,0);
 364          //send(0,0,0);
 365          //send(10,20,20);
C51 COMPILER V9.01   DENG                                                                  12/11/2021 13:10:19 PAGE 7   

 366          //spus();
 367          //delay200ms();
 368          //send(0,0,0);
 369          //send(10,20,20);
 370          //send(0,0,0);
 371          //send(10,20,20);
 372          //send(0,0,0);
 373          //spus();
 374          //delay200ms();
 375          //send(0,0,0);
 376          //send(0,0,0);
 377          //send(10,20,20);
 378          //send(0,0,0);
 379          //send(0,0,0);
 380          //spus();
 381          //delay200ms();
 382          //
 383          //send(20,10,0);
 384          //send(0,0,0);
 385          //send(0,0,0);
 386          //send(0,0,0);
 387          //send(20,10,0);
 388          //spus();
 389          //delay200ms();
 390          //send(0,0,0);
 391          //send(20,10,0);
 392          //send(0,0,0);
 393          //send(20,10,0);
 394          //send(0,0,0);
 395          //spus();
 396          //delay200ms();
 397          //send(0,0,0);
 398          //send(0,0,0);
 399          //send(20,10,0);
 400          //send(0,0,0);
 401          //send(0,0,0);
 402          //spus();
 403          //delay200ms();
 404          //
 405          //send(0,20,10);
 406          //send(0,0,0);
 407          //send(0,0,0);
 408          //send(0,0,0);
 409          //send(0,20,10);
 410          //spus();
 411          //delay200ms();
 412          //send(0,0,0);
 413          //send(0,20,10);
 414          //send(0,0,0);
 415          //send(0,20,10);
 416          //send(0,0,0);
 417          //spus();
 418          //delay200ms();
 419          //send(0,0,0);
 420          //send(0,0,0);
 421          //send(0,20,10);
 422          //send(0,0,0);
 423          //send(0,0,0);
 424          //spus();
 425          //delay200ms();
 426          //
 427          //send(5,0,20);
C51 COMPILER V9.01   DENG                                                                  12/11/2021 13:10:19 PAGE 8   

 428          //send(0,0,0);
 429          //send(0,0,0);
 430          //send(0,0,0);
 431          //send(5,0,20);
 432          //spus();
 433          //delay200ms();
 434          //send(0,0,0);
 435          //send(5,0,20);
 436          //send(0,0,0);
 437          //send(5,0,20);
 438          //send(0,0,0);
 439          //spus();
 440          //delay200ms();
 441          //send(0,0,0);
 442          //send(0,0,0);
 443          //send(5,0,20);
 444          //send(0,0,0);
 445          //send(0,0,0);
 446          //spus();
 447          //delay200ms();
 448          //
 449          // 
 450          //send(20,0,5);
 451          //send(0,0,0);
 452          //send(0,0,0);
 453          //send(0,0,0);
 454          //send(20,0,5);
 455          //spus();
 456          //delay200ms();
 457          //send(0,0,0);
 458          //send(20,0,5);
 459          //send(0,0,0);
 460          //send(20,0,5);
 461          //send(0,0,0);
 462          //spus();
 463          //delay200ms();
 464          //send(0,0,0);
 465          //send(0,0,0);
 466          //send(20,0,5);
 467          //send(0,0,0);
 468          //send(0,0,0);
 469          //spus();
 470          //delay200ms();
 471          //}
 472          
 473          
 474          void main()
 475          {P3M0=0;
 476   1       P3M1=0;
 477   1       P5M0=0;
 478   1       P5M1=0;
 479   1       send(0,0,0);
 480   1       spus();
 481   1        Delay100ms(); 
 482   1       while(1)
 483   1       {
 484   2        send(1,0,0);send(0,2,0);send(0,0,3);send(0,4,0);send(5,0,0);send(0,6,0);send(0,0,7);send(1,2,3);send(3,2
             -,1);send(2,1,3);send(1,3,2);send(5,2,0);send(0,2,5);
 485   2        spus();
 486   2        Delay100ms();
 487   2       }
 488   1      }
C51 COMPILER V9.01   DENG                                                                  12/11/2021 13:10:19 PAGE 9   

 489          
 490          


MODULE INFORMATION:   STATIC OVERLAYABLE
   CODE SIZE        =    308    ----
   CONSTANT SIZE    =   ----    ----
   XDATA SIZE       =   ----    ----
   PDATA SIZE       =   ----    ----
   DATA SIZE        =      2    ----
   IDATA SIZE       =   ----    ----
   BIT SIZE         =   ----    ----
END OF MODULE INFORMATION.


C51 COMPILATION COMPLETE.  0 WARNING(S),  0 ERROR(S)
