C51 COMPILER V9.01   DACHE                                                                 04/30/2022 15:21:17 PAGE 1   


C51 COMPILER V9.01, COMPILATION OF MODULE DACHE
OBJECT MODULE PLACED IN dache.OBJ
COMPILER INVOKED BY: C:\Keil\C51\BIN\C51.EXE dache.c BROWSE DEBUG OBJECTEXTEND

line level    source

   1          #include <STC12C2052AD.H>
   2          #include "intrins.h"
   3          sbit  a=P3^2;
   4          sbit  b=P3^3;
   5          sbit  c=P3^4;
   6          sbit  d=P3^5;
   7          sbit  K=P3^0;
   8          sbit  f=P1^7;
   9          sbit  g=P1^6;
  10          sbit  h=P1^5;
  11          void Delay250ms(unsigned char n)                //@12.000MHz
  12          {       
  13   1      while(n--) 
  14   1      {       unsigned char i, j, k;
  15   2      
  16   2              _nop_();
  17   2              _nop_();
  18   2              i = 12;
  19   2              j = 103;
  20   2              k = 57;
  21   2              do
  22   2              {
  23   3                      do
  24   3                      {
  25   4                              while (--k);
  26   4                      } while (--j);
  27   3              } while (--i);
  28   2      }
  29   1       }
  30          
  31          void Delay300ms()               //@12.000MHz
  32          {
  33   1              unsigned char i, j, k;
  34   1      
  35   1              i = 14;
  36   1              j = 174;
  37   1              k = 224;
  38   1              do
  39   1              {
  40   2                      do
  41   2                      {
  42   3                              while (--k);
  43   3                      } while (--j);
  44   2              } while (--i);
  45   1      }
  46          
  47          void Delay120ms()               //@12.000MHz
  48          {
  49   1              unsigned char i, j, k;
  50   1      
  51   1              _nop_();
  52   1              _nop_();
  53   1              i = 6;
  54   1              j = 121;
  55   1              k = 189;
C51 COMPILER V9.01   DACHE                                                                 04/30/2022 15:21:17 PAGE 2   

  56   1              do
  57   1              {
  58   2                      do
  59   2                      {
  60   3                              while (--k);
  61   3                      } while (--j);
  62   2              } while (--i);
  63   1      }
  64          
  65          
  66          void Delay30ms()                //@11.0592MHz
  67          {
  68   1              unsigned char i, j, k;
  69   1      
  70   1              _nop_();
  71   1              _nop_();
  72   1              i = 2;
  73   1              j = 67;
  74   1              k = 183;
  75   1              do
  76   1              {
  77   2                      do
  78   2                      {
  79   3                              while (--k);
  80   3                      } while (--j);
  81   2              } while (--i);
  82   1      }
  83          
  84          void Delay40ms(unsigned char n)         //@11.0592MHz
  85          {
  86   1              unsigned char i, j, k;
  87   1      
  88   1              _nop_();
  89   1              _nop_();
  90   1              i = 2;
  91   1              j = 175;
  92   1              k = 75;
  93   1              do
  94   1              {
  95   2                      do
  96   2                      {
  97   3                              while (--k);
  98   3                      } while (--j);
  99   2              } while (--i);
 100   1      }
*** WARNING C280 IN LINE 84 OF DACHE.C: 'n': unreferenced local variable
 101          
 102          void Delay230ms()               //@12.000MHz
 103          {
 104   1              unsigned char i, j, k;
 105   1      
 106   1              _nop_();
 107   1              _nop_();
 108   1              i = 11;
 109   1              j = 125;
 110   1              k = 196;
 111   1              do
 112   1              {
 113   2                      do
 114   2                      {
 115   3                              while (--k);
 116   3                      } while (--j);
C51 COMPILER V9.01   DACHE                                                                 04/30/2022 15:21:17 PAGE 3   

 117   2              } while (--i);
 118   1      }
 119           
 120          void ting()
 121          {a=0;
 122   1      b=0;
 123   1      c=0;
 124   1      d=0;
 125   1      }
 126          void  qian()
 127          {a=1;
 128   1      b=0;
 129   1      c=0;
 130   1      d=1;
 131   1      }
 132          void zuo()
 133          {a=0;
 134   1      b=1;
 135   1      c=0;
 136   1      d=1;
 137   1      }
 138          void you()
 139          {a=1;
 140   1      b=0;
 141   1      c=1;
 142   1      d=0;
 143   1      }
 144          void hou()
 145          {a=0;
 146   1      b=1;
 147   1      c=1;
 148   1      d=0;
 149   1      }
 150          void qianbi()
 151           {if(f==0)
 152   1       {hou();
 153   2       Delay120ms();
 154   2        you();
 155   2       Delay120ms();
 156   2        }
 157   1         }
 158          void zhu()
 159          {        if(g==0&h==0)
 160   1                                                 { 
 161   2                                                 qian();
 162   2                                                 }
 163   1                                               if(g==1)
 164   1                                                      {
 165   2                                                      you();
 166   2                                                  Delay30ms();                
 167   2                                                  }
 168   1                                           if(h==1)
 169   1                                                  {zuo();
 170   2                                                  Delay30ms();                
 171   2                                                   }
 172   1                                               if(g==1&h==1)
 173   1                                                      {hou();
 174   2                                                       Delay250ms();
*** WARNING C209 IN LINE 174 OF DACHE.C: '_Delay250ms': too few actual parameters
 175   2                                                       you();
 176   2                                                      Delay120ms();
 177   2                                                      }
C51 COMPILER V9.01   DACHE                                                                 04/30/2022 15:21:17 PAGE 4   

 178   1                                                         
 179   1      }
 180          //void main ()
 181          //{e=1;
 182          //
 183          ////while(e==0)
 184          ////{ting();
 185          ////Delay250ms(2);
 186          ////qian();
 187          ////Delay250ms(2);
 188          ////ting();
 189          ////Delay250ms(2);
 190          ////qian();
 191          ////Delay250ms(2);
 192          ////ting();
 193          ////Delay250ms(2);
 194          ////qian();
 195          ////Delay250ms(2);
 196          ////ting();
 197          ////Delay250ms(2);
 198          ////qian();
 199          ////Delay250ms(2);
 200          ////ting();
 201          ////Delay250ms(1);
 202          ////zuo();
 203          ////Delay250ms(6);
 204          ////ting();
 205          ////Delay250ms(1);
 206          ////you();
 207          ////Delay250ms(6);
 208          ////ting();
 209          ////Delay250ms(1);
 210          ////hou();
 211          ////Delay250ms(2);
 212          ////ting();
 213          ////Delay250ms(1);
 214          ////hou();
 215          ////Delay250ms(2);
 216          ////ting();
 217          ////Delay250ms(2);
 218          ////hou();
 219          ////Delay250ms(2);
 220          ////ting();
 221          ////Delay250ms(2);
 222          ////hou();
 223          ////Delay250ms(2);
 224          ////ting();
 225          ////Delay250ms(2);
 226          ////
 227          ////
 228          ////}
 229          ////
 230          ////}
 231          
 232          void main ()
 233          {
 234   1      K=1;   
 235   1      while(K==0)
 236   1              {
 237   2          Delay300ms();       
 238   2              while(K==1)
 239   2                      {
C51 COMPILER V9.01   DACHE                                                                 04/30/2022 15:21:17 PAGE 5   

 240   3                       zhu();
 241   3                      }
 242   2              ting();
 243   2              Delay300ms();   
 244   2              }
 245   1      }
 246          


MODULE INFORMATION:   STATIC OVERLAYABLE
   CODE SIZE        =    268    ----
   CONSTANT SIZE    =   ----    ----
   XDATA SIZE       =   ----    ----
   PDATA SIZE       =   ----    ----
   DATA SIZE        =   ----       4
   IDATA SIZE       =   ----    ----
   BIT SIZE         =   ----    ----
END OF MODULE INFORMATION.


C51 COMPILATION COMPLETE.  2 WARNING(S),  0 ERROR(S)
