C51 COMPILER V9.01   CESHI                                                                 05/01/2021 15:57:42 PAGE 1   


C51 COMPILER V9.01, COMPILATION OF MODULE CESHI
OBJECT MODULE PLACED IN ceshi.OBJ
COMPILER INVOKED BY: C:\Keil\C51\BIN\C51.EXE ceshi.c BROWSE DEBUG OBJECTEXTEND

line level    source

   1          #include <STC15F2K60S2.H>
   2          #include "intrins.h"
   3          sbit a=P1^0;
   4          sbit b=P1^4;
   5          sbit c=P5^4;
   6          void Delay5ms()         //@11.0592MHz
   7          {
   8   1              unsigned char i, j;
   9   1      
  10   1              i = 54;
  11   1              j = 199;
  12   1              do
  13   1              {
  14   2                      while (--j);
  15   2              } while (--i);
  16   1      }
  17          
  18          
  19          void main(  )
  20          {b=0;
  21   1      a=1;
  22   1              
  23   1      if(a==0)
  24   1      {c=0;
  25   2      }
  26   1      while(a==0);
  27   1      while(a==1)
  28   1      {Delay5ms()     ;
  29   2      }
  30   1      }


MODULE INFORMATION:   STATIC OVERLAYABLE
   CODE SIZE        =     30    ----
   CONSTANT SIZE    =   ----    ----
   XDATA SIZE       =   ----    ----
   PDATA SIZE       =   ----    ----
   DATA SIZE        =   ----    ----
   IDATA SIZE       =   ----    ----
   BIT SIZE         =   ----    ----
END OF MODULE INFORMATION.


C51 COMPILATION COMPLETE.  0 WARNING(S),  0 ERROR(S)
